// Jest Snapshot v1, https://goo.gl/fbAQLP

exports[`FilterHeader test suite renders as expected 1`] = `
<View
  style={
    Object {
      "alignSelf": "stretch",
      "backgroundColor": "white",
      "flexDirection": "row",
      "height": 50,
      "justifyContent": "space-between",
    }
  }
>
  <PropertyLabel
    Component={[Function]}
    ellipsizeMode="tail"
    fontSize={14}
    name="Total beers"
    nameStyles={
      Object {
        "fontWeight": "600",
        "marginLeft": 10,
      }
    }
    numberOfLines={1}
    separator=":"
    style={
      Object {
        "alignItems": "center",
        "flex": 1,
      }
    }
    value="2"
    valueStyles={
      Object {
        "flexShrink": 1,
        "textAlign": "center",
      }
    }
  />
  <TouchableOpacity>
    <Image
      source={1}
      style={
        Object {
          "alignSelf": "center",
          "height": 25,
          "margin": 10,
          "resizeMode": "contain",
          "width": 25,
        }
      }
    />
  </TouchableOpacity>
</View>
`;
