// Jest Snapshot v1, https://goo.gl/fbAQLP

exports[`FilterInput test suite renders as expected 1`] = `
<View
  style={
    Object {
      "alignSelf": "stretch",
      "backgroundColor": "white",
      "marginHorizontal": 20,
      "padding": 20,
    }
  }
>
  <Label
    ellipsizeMode="tail"
    style={
      Object {
        "fontSize": 18,
        "fontWeight": "400",
        "marginBottom": 20,
        "textAlign": "left",
      }
    }
    uppercase={false}
  >
    Search
  </Label>
  <TextInput
    keyboardType="default"
    label="Beer Name"
    labelStyle={
      Object {
        "color": "dimgrey",
        "fontSize": 12,
        "marginBottom": 5,
        "marginTop": 5,
      }
    }
    onChange={[Function]}
    style={
      Object {
        "borderBottomWidth": 1,
        "borderColor": "lightgray",
        "marginBottom": 5,
      }
    }
  />
  <TextInput
    keyboardType="default"
    label="After First Brew Date"
    labelStyle={
      Object {
        "color": "dimgrey",
        "fontSize": 12,
        "marginBottom": 5,
        "marginTop": 5,
      }
    }
    onChange={[Function]}
    style={
      Object {
        "borderBottomWidth": 1,
        "borderColor": "lightgray",
        "marginBottom": 5,
      }
    }
    value=""
  />
  <TextInput
    keyboardType="default"
    label="Before First Brew Date"
    labelStyle={
      Object {
        "color": "dimgrey",
        "fontSize": 12,
        "marginBottom": 5,
        "marginTop": 5,
      }
    }
    onChange={[Function]}
    style={
      Object {
        "borderBottomWidth": 1,
        "borderColor": "lightgray",
        "marginBottom": 5,
      }
    }
    value=""
  />
  <View
    style={
      Object {
        "alignSelf": "stretch",
        "flexDirection": "row",
      }
    }
  >
    <TouchableOpacity
      onPress={[Function]}
      style={
        Object {
          "alignItems": "center",
          "alignSelf": "stretch",
          "backgroundColor": "#4169ff",
          "borderRadius": 5,
          "flex": 1,
          "flexDirection": "row",
          "height": 45,
          "justifyContent": "center",
          "marginHorizontal": 5,
          "marginTop": 10,
        }
      }
    >
      <Label
        ellipsizeMode="tail"
        style={
          Object {
            "color": "white",
            "fontSize": 18,
          }
        }
        uppercase={false}
      >
        OK
      </Label>
    </TouchableOpacity>
    <TouchableOpacity
      onPress={[Function]}
      style={
        Array [
          Object {
            "alignItems": "center",
            "alignSelf": "stretch",
            "backgroundColor": "#4169ff",
            "borderRadius": 5,
            "flex": 1,
            "flexDirection": "row",
            "height": 45,
            "justifyContent": "center",
            "marginHorizontal": 5,
            "marginTop": 10,
          },
          Object {
            "backgroundColor": "white",
            "borderColor": "#4169ff",
            "borderWidth": 1,
          },
        ]
      }
    >
      <Label
        ellipsizeMode="tail"
        style={
          Array [
            Object {
              "color": "white",
              "fontSize": 18,
            },
            Object {
              "color": "#4169ff",
              "fontSize": 18,
            },
          ]
        }
        uppercase={false}
      >
        Cancel
      </Label>
    </TouchableOpacity>
  </View>
</View>
`;
