// Jest Snapshot v1, https://goo.gl/fbAQLP

exports[`BeerList test suite renders as expected 1`] = `
<BeerListScreen
  addToFavs={[Function]}
  applyFilter={[Function]}
  beers={Array []}
  endReached={false}
  fromBrewDate=""
  onEndReached={[Function]}
  onItemSelected={[Function]}
  onMounted={[Function]}
  page={1}
  refreshing={false}
  toBrewDate=""
  toggleFavs={[Function]}
/>
`;
