// Jest Snapshot v1, https://goo.gl/fbAQLP

exports[`Card test suite renders as expected 1`] = `
<TouchableOpacity
  onPress={[Function]}
  style={
    Object {
      "backgroundColor": "white",
      "borderColor": "lightgray",
      "borderRadius": 4,
      "borderWidth": 1,
      "flexDirection": "row",
      "height": 120,
      "marginHorizontal": 15,
      "marginVertical": 10,
      "padding": 10,
    }
  }
>
  <View
    style={
      Object {
        "flex": 0.2,
        "marginLeft": 5,
      }
    }
  >
    <Image
      source={
        Object {
          "uri": "testUrl",
        }
      }
      style={
        Object {
          "flex": 1,
          "resizeMode": "contain",
        }
      }
    />
  </View>
  <View
    style={
      Object {
        "alignItems": "flex-start",
        "flex": 1,
        "justifyContent": "flex-start",
        "marginHorizontal": 15,
      }
    }
  >
    <Label
      ellipsizeMode="tail"
      numberOfLines={2}
      style={
        Object {
          "fontSize": 20,
          "textAlign": "left",
        }
      }
      uppercase={false}
    />
    <Label
      ellipsizeMode="tail"
      style={
        Object {
          "fontSize": 11,
        }
      }
      uppercase={false}
    />
    <PropertyLabel
      Component={[Function]}
      ellipsizeMode="tail"
      fontSize={14}
      name="First brew date"
      nameStyles={
        Object {
          "fontWeight": "400",
          "marginRight": 3,
          "textAlign": "center",
        }
      }
      numberOfLines={1}
      separator=":"
      style={
        Object {
          "marginVertical": 10,
        }
      }
      valueStyles={
        Object {
          "flexShrink": 1,
          "textAlign": "center",
        }
      }
    />
  </View>
  <TouchableOpacity
    onPress={[Function]}
  >
    <Image
      source={1}
      style={
        Object {
          "alignSelf": "center",
          "height": 25,
          "margin": 10,
          "resizeMode": "contain",
          "width": 25,
        }
      }
    />
  </TouchableOpacity>
</TouchableOpacity>
`;
